Archive member included to satisfy reference by file (symbol)

d:/stm32/stm32cubeide_1.7.0/stm32cubeide/plugins/com.st.stm32cube.ide.mcu.externaltools.gnu-tools-for-stm32.9-2020-q2-update.win32_2.0.0.202105311346/tools/bin/../lib/gcc/arm-none-eabi/9.3.1/../../../../arm-none-eabi/lib/thumb/v7-m/nofp\libc_nano.a(lib_a-errno.o)
                              ./Core/Src/syscalls.o (__errno)
d:/stm32/stm32cubeide_1.7.0/stm32cubeide/plugins/com.st.stm32cube.ide.mcu.externaltools.gnu-tools-for-stm32.9-2020-q2-update.win32_2.0.0.202105311346/tools/bin/../lib/gcc/arm-none-eabi/9.3.1/../../../../arm-none-eabi/lib/thumb/v7-m/nofp\libc_nano.a(lib_a-exit.o)
                              d:/stm32/stm32cubeide_1.7.0/stm32cubeide/plugins/com.st.stm32cube.ide.mcu.externaltools.gnu-tools-for-stm32.9-2020-q2-update.win32_2.0.0.202105311346/tools/bin/../lib/gcc/arm-none-eabi/9.3.1/../../../../arm-none-eabi/lib/thumb/v7-m/nofp/crt0.o (exit)
d:/stm32/stm32cubeide_1.7.0/stm32cubeide/plugins/com.st.stm32cube.ide.mcu.externaltools.gnu-tools-for-stm32.9-2020-q2-update.win32_2.0.0.202105311346/tools/bin/../lib/gcc/arm-none-eabi/9.3.1/../../../../arm-none-eabi/lib/thumb/v7-m/nofp\libc_nano.a(lib_a-impure.o)
                              d:/stm32/stm32cubeide_1.7.0/stm32cubeide/plugins/com.st.stm32cube.ide.mcu.externaltools.gnu-tools-for-stm32.9-2020-q2-update.win32_2.0.0.202105311346/tools/bin/../lib/gcc/arm-none-eabi/9.3.1/../../../../arm-none-eabi/lib/thumb/v7-m/nofp\libc_nano.a(lib_a-exit.o) (_global_impure_ptr)
d:/stm32/stm32cubeide_1.7.0/stm32cubeide/plugins/com.st.stm32cube.ide.mcu.externaltools.gnu-tools-for-stm32.9-2020-q2-update.win32_2.0.0.202105311346/tools/bin/../lib/gcc/arm-none-eabi/9.3.1/../../../../arm-none-eabi/lib/thumb/v7-m/nofp\libc_nano.a(lib_a-init.o)
                              d:/stm32/stm32cubeide_1.7.0/stm32cubeide/plugins/com.st.stm32cube.ide.mcu.externaltools.gnu-tools-for-stm32.9-2020-q2-update.win32_2.0.0.202105311346/tools/bin/../lib/gcc/arm-none-eabi/9.3.1/../../../../arm-none-eabi/lib/thumb/v7-m/nofp/crt0.o (__libc_init_array)
d:/stm32/stm32cubeide_1.7.0/stm32cubeide/plugins/com.st.stm32cube.ide.mcu.externaltools.gnu-tools-for-stm32.9-2020-q2-update.win32_2.0.0.202105311346/tools/bin/../lib/gcc/arm-none-eabi/9.3.1/../../../../arm-none-eabi/lib/thumb/v7-m/nofp\libc_nano.a(lib_a-memset.o)
                              d:/stm32/stm32cubeide_1.7.0/stm32cubeide/plugins/com.st.stm32cube.ide.mcu.externaltools.gnu-tools-for-stm32.9-2020-q2-update.win32_2.0.0.202105311346/tools/bin/../lib/gcc/arm-none-eabi/9.3.1/../../../../arm-none-eabi/lib/thumb/v7-m/nofp/crt0.o (memset)

Allocating common symbols
Common symbol       size              file

uwTick              0x4               ./Drivers/STM32F1xx_HAL_Driver/Src/stm32f1xx_hal.o
pFlash              0x20              ./Drivers/STM32F1xx_HAL_Driver/Src/stm32f1xx_hal_flash.o

Discarded input sections

 .text          0x0000000000000000        0x0 d:/stm32/stm32cubeide_1.7.0/stm32cubeide/plugins/com.st.stm32cube.ide.mcu.externaltools.gnu-tools-for-stm32.9-2020-q2-update.win32_2.0.0.202105311346/tools/bin/../lib/gcc/arm-none-eabi/9.3.1/thumb/v7-m/nofp/crti.o
 .data          0x0000000000000000        0x0 d:/stm32/stm32cubeide_1.7.0/stm32cubeide/plugins/com.st.stm32cube.ide.mcu.externaltools.gnu-tools-for-stm32.9-2020-q2-update.win32_2.0.0.202105311346/tools/bin/../lib/gcc/arm-none-eabi/9.3.1/thumb/v7-m/nofp/crti.o
 .bss           0x0000000000000000        0x0 d:/stm32/stm32cubeide_1.7.0/stm32cubeide/plugins/com.st.stm32cube.ide.mcu.externaltools.gnu-tools-for-stm32.9-2020-q2-update.win32_2.0.0.202105311346/tools/bin/../lib/gcc/arm-none-eabi/9.3.1/thumb/v7-m/nofp/crti.o
 .data          0x0000000000000000        0x4 d:/stm32/stm32cubeide_1.7.0/stm32cubeide/plugins/com.st.stm32cube.ide.mcu.externaltools.gnu-tools-for-stm32.9-2020-q2-update.win32_2.0.0.202105311346/tools/bin/../lib/gcc/arm-none-eabi/9.3.1/thumb/v7-m/nofp/crtbegin.o
 .text          0x0000000000000000       0x7c d:/stm32/stm32cubeide_1.7.0/stm32cubeide/plugins/com.st.stm32cube.ide.mcu.externaltools.gnu-tools-for-stm32.9-2020-q2-update.win32_2.0.0.202105311346/tools/bin/../lib/gcc/arm-none-eabi/9.3.1/../../../../arm-none-eabi/lib/thumb/v7-m/nofp/crt0.o
 .data          0x0000000000000000        0x0 d:/stm32/stm32cubeide_1.7.0/stm32cubeide/plugins/com.st.stm32cube.ide.mcu.externaltools.gnu-tools-for-stm32.9-2020-q2-update.win32_2.0.0.202105311346/tools/bin/../lib/gcc/arm-none-eabi/9.3.1/../../../../arm-none-eabi/lib/thumb/v7-m/nofp/crt0.o
 .bss           0x0000000000000000        0x0 d:/stm32/stm32cubeide_1.7.0/stm32cubeide/plugins/com.st.stm32cube.ide.mcu.externaltools.gnu-tools-for-stm32.9-2020-q2-update.win32_2.0.0.202105311346/tools/bin/../lib/gcc/arm-none-eabi/9.3.1/../../../../arm-none-eabi/lib/thumb/v7-m/nofp/crt0.o
[...]
Memory Configuration

Name             Origin             Length             Attributes
RAM              0x0000000020000000 0x0000000000002800 xrw
FLASH            0x0000000008000000 0x0000000000008000 xr
*default*        0x0000000000000000 0xffffffffffffffff

Linker script and memory map

LOAD d:/stm32/stm32cubeide_1.7.0/stm32cubeide/plugins/com.st.stm32cube.ide.mcu.externaltools.gnu-tools-for-stm32.9-2020-q2-update.win32_2.0.0.202105311346/tools/bin/../lib/gcc/arm-none-eabi/9.3.1/thumb/v7-m/nofp/crti.o
LOAD d:/stm32/stm32cubeide_1.7.0/stm32cubeide/plugins/com.st.stm32cube.ide.mcu.externaltools.gnu-tools-for-stm32.9-2020-q2-update.win32_2.0.0.202105311346/tools/bin/../lib/gcc/arm-none-eabi/9.3.1/thumb/v7-m/nofp/crtbegin.o
LOAD d:/stm32/stm32cubeide_1.7.0/stm32cubeide/plugins/com.st.stm32cube.ide.mcu.externaltools.gnu-tools-for-stm32.9-2020-q2-update.win32_2.0.0.202105311346/tools/bin/../lib/gcc/arm-none-eabi/9.3.1/../../../../arm-none-eabi/lib/thumb/v7-m/nofp/crt0.o
LOAD ./Core/Src/exercise1.o
LOAD ./Core/Src/exercise10.o
LOAD ./Core/Src/exercise2.o
LOAD ./Core/Src/exercise3.o
LOAD ./Core/Src/exercise4.o
LOAD ./Core/Src/exercise5.o
LOAD ./Core/Src/exercise6.o
LOAD ./Core/Src/exercise7.o
LOAD ./Core/Src/exercise8.o
LOAD ./Core/Src/exercise9.o
LOAD ./Core/Src/main.o
LOAD ./Core/Src/stm32f1xx_hal_msp.o
LOAD ./Core/Src/stm32f1xx_it.o
LOAD ./Core/Src/syscalls.o
LOAD ./Core/Src/sysmem.o
LOAD ./Core/Src/system_stm32f1xx.o
LOAD ./Core/Startup/startup_stm32f103c6ux.o
LOAD ./Drivers/STM32F1xx_HAL_Driver/Src/stm32f1xx_hal.o
LOAD ./Drivers/STM32F1xx_HAL_Driver/Src/stm32f1xx_hal_cortex.o
LOAD ./Drivers/STM32F1xx_HAL_Driver/Src/stm32f1xx_hal_dma.o
LOAD ./Drivers/STM32F1xx_HAL_Driver/Src/stm32f1xx_hal_exti.o
LOAD ./Drivers/STM32F1xx_HAL_Driver/Src/stm32f1xx_hal_flash.o
LOAD ./Drivers/STM32F1xx_HAL_Driver/Src/stm32f1xx_hal_flash_ex.o
LOAD ./Drivers/STM32F1xx_HAL_Driver/Src/stm32f1xx_hal_gpio.o
LOAD ./Drivers/STM32F1xx_HAL_Driver/Src/stm32f1xx_hal_gpio_ex.o
LOAD ./Drivers/STM32F1xx_HAL_Driver/Src/stm32f1xx_hal_pwr.o
LOAD ./Drivers/STM32F1xx_HAL_Driver/Src/stm32f1xx_hal_rcc.o
LOAD ./Drivers/STM32F1xx_HAL_Driver/Src/stm32f1xx_hal_rcc_ex.o
LOAD ./Drivers/STM32F1xx_HAL_Driver/Src/stm32f1xx_hal_tim.o
LOAD ./Drivers/STM32F1xx_HAL_Driver/Src/stm32f1xx_hal_tim_ex.o
START GROUP
LOAD d:/stm32/stm32cubeide_1.7.0/stm32cubeide/plugins/com.st.stm32cube.ide.mcu.externaltools.gnu-tools-for-stm32.9-2020-q2-update.win32_2.0.0.202105311346/tools/bin/../lib/gcc/arm-none-eabi/9.3.1/../../../../arm-none-eabi/lib/thumb/v7-m/nofp\libc_nano.a
LOAD d:/stm32/stm32cubeide_1.7.0/stm32cubeide/plugins/com.st.stm32cube.ide.mcu.externaltools.gnu-tools-for-stm32.9-2020-q2-update.win32_2.0.0.202105311346/tools/bin/../lib/gcc/arm-none-eabi/9.3.1/../../../../arm-none-eabi/lib/thumb/v7-m/nofp\libm.a
END GROUP
START GROUP
LOAD d:/stm32/stm32cubeide_1.7.0/stm32cubeide/plugins/com.st.stm32cube.ide.mcu.externaltools.gnu-tools-for-stm32.9-2020-q2-update.win32_2.0.0.202105311346/tools/bin/../lib/gcc/arm-none-eabi/9.3.1/thumb/v7-m/nofp\libgcc.a
LOAD d:/stm32/stm32cubeide_1.7.0/stm32cubeide/plugins/com.st.stm32cube.ide.mcu.externaltools.gnu-tools-for-stm32.9-2020-q2-update.win32_2.0.0.202105311346/tools/bin/../lib/gcc/arm-none-eabi/9.3.1/../../../../arm-none-eabi/lib/thumb/v7-m/nofp\libc_nano.a
END GROUP
START GROUP
LOAD d:/stm32/stm32cubeide_1.7.0/stm32cubeide/plugins/com.st.stm32cube.ide.mcu.externaltools.gnu-tools-for-stm32.9-2020-q2-update.win32_2.0.0.202105311346/tools/bin/../lib/gcc/arm-none-eabi/9.3.1/thumb/v7-m/nofp\libgcc.a
LOAD d:/stm32/stm32cubeide_1.7.0/stm32cubeide/plugins/com.st.stm32cube.ide.mcu.externaltools.gnu-tools-for-stm32.9-2020-q2-update.win32_2.0.0.202105311346/tools/bin/../lib/gcc/arm-none-eabi/9.3.1/../../../../arm-none-eabi/lib/thumb/v7-m/nofp\libc_nano.a
LOAD d:/stm32/stm32cubeide_1.7.0/stm32cubeide/plugins/com.st.stm32cube.ide.mcu.externaltools.gnu-tools-for-stm32.9-2020-q2-update.win32_2.0.0.202105311346/tools/bin/../lib/gcc/arm-none-eabi/9.3.1/../../../../arm-none-eabi/lib/thumb/v7-m/nofp\libnosys.a
END GROUP
START GROUP
LOAD d:/stm32/stm32cubeide_1.7.0/stm32cubeide/plugins/com.st.stm32cube.ide.mcu.externaltools.gnu-tools-for-stm32.9-2020-q2-update.win32_2.0.0.202105311346/tools/bin/../lib/gcc/arm-none-eabi/9.3.1/thumb/v7-m/nofp\libgcc.a
LOAD d:/stm32/stm32cubeide_1.7.0/stm32cubeide/plugins/com.st.stm32cube.ide.mcu.externaltools.gnu-tools-for-stm32.9-2020-q2-update.win32_2.0.0.202105311346/tools/bin/../lib/gcc/arm-none-eabi/9.3.1/../../../../arm-none-eabi/lib/thumb/v7-m/nofp\libc_nano.a
LOAD d:/stm32/stm32cubeide_1.7.0/stm32cubeide/plugins/com.st.stm32cube.ide.mcu.externaltools.gnu-tools-for-stm32.9-2020-q2-update.win32_2.0.0.202105311346/tools/bin/../lib/gcc/arm-none-eabi/9.3.1/../../../../arm-none-eabi/lib/thumb/v7-m/nofp\libnosys.a
END GROUP
LOAD d:/stm32/stm32cubeide_1.7.0/stm32cubeide/plugins/com.st.stm32cube.ide.mcu.externaltools.gnu-tools-for-stm32.9-2020-q2-update.win32_2.0.0.202105311346/tools/bin/../lib/gcc/arm-none-eabi/9.3.1/thumb/v7-m/nofp/crtend.o
LOAD d:/stm32/stm32cubeide_1.7.0/stm32cubeide/plugins/com.st.stm32cube.ide.mcu.externaltools.gnu-tools-for-stm32.9-2020-q2-update.win32_2.0.0.202105311346/tools/bin/../lib/gcc/arm-none-eabi/9.3.1/thumb/v7-m/nofp/crtn.o
                0x0000000020002800                _estack = (ORIGIN (RAM) + LENGTH (RAM))
                0x0000000000000200                _Min_Heap_Size = 0x200
                0x0000000000000400                _Min_Stack_Size = 0x400

.isr_vector     0x0000000008000000      0x10c
                0x0000000008000000                . = ALIGN (0x4)
 *(.isr_vector)
 .isr_vector    0x0000000008000000      0x10c ./Core/Startup/startup_stm32f103c6ux.o
                0x0000000008000000                g_pfnVectors
                0x000000000800010c                . = ALIGN (0x4)

.text           0x000000000800010c     0x1490
                0x000000000800010c                . = ALIGN (0x4)
 *(.text)
 .text          0x000000000800010c       0x40 d:/stm32/stm32cubeide_1.7.0/stm32cubeide/plugins/com.st.stm32cube.ide.mcu.externaltools.gnu-tools-for-stm32.9-2020-q2-update.win32_2.0.0.202105311346/tools/bin/../lib/gcc/arm-none-eabi/9.3.1/thumb/v7-m/nofp/crtbegin.o
 *(.text*)
 .text.setNumberOnClock
                0x000000000800014c       0xe4 ./Core/Src/exercise8.o
                0x000000000800014c                setNumberOnClock
 .text.clearNumberOnClock
                0x0000000008000230       0xe4 ./Core/Src/exercise9.o
                0x0000000008000230                clearNumberOnClock
 .text.main     0x0000000008000314      0x22c ./Core/Src/main.o
                0x0000000008000314                main
 .text.SystemClock_Config
                0x0000000008000540       0x76 ./Core/Src/main.o
                0x0000000008000540                SystemClock_Config
 *fill*         0x00000000080005b6        0x2 
 .text.MX_GPIO_Init
                0x00000000080005b8       0xac ./Core/Src/main.o
 .text.Error_Handler
                0x0000000008000664        0xa ./Core/Src/main.o
                0x0000000008000664                Error_Handler
 *fill*         0x000000000800066e        0x2 
 .text.HAL_MspInit
                0x0000000008000670       0x64 ./Core/Src/stm32f1xx_hal_msp.o
                0x0000000008000670                HAL_MspInit
 .text.NMI_Handler
                0x00000000080006d4        0x6 ./Core/Src/stm32f1xx_it.o
                0x00000000080006d4                NMI_Handler
 .text.HardFault_Handler
                0x00000000080006da        0x6 ./Core/Src/stm32f1xx_it.o
                0x00000000080006da                HardFault_Handler
 .text.MemManage_Handler
                0x00000000080006e0        0x6 ./Core/Src/stm32f1xx_it.o
                0x00000000080006e0                MemManage_Handler
 .text.BusFault_Handler
                0x00000000080006e6        0x6 ./Core/Src/stm32f1xx_it.o
                0x00000000080006e6                BusFault_Handler
 .text.UsageFault_Handler
                0x00000000080006ec        0x6 ./Core/Src/stm32f1xx_it.o
                0x00000000080006ec                UsageFault_Handler
 .text.SVC_Handler
                0x00000000080006f2        0xc ./Core/Src/stm32f1xx_it.o
                0x00000000080006f2                SVC_Handler
 .text.DebugMon_Handler
                0x00000000080006fe        0xc ./Core/Src/stm32f1xx_it.o
                0x00000000080006fe                DebugMon_Handler
 .text.PendSV_Handler
                0x000000000800070a        0xc ./Core/Src/stm32f1xx_it.o
                0x000000000800070a                PendSV_Handler
 .text.SysTick_Handler
                0x0000000008000716        0xc ./Core/Src/stm32f1xx_it.o
                0x0000000008000716                SysTick_Handler
 .text.SystemInit
                0x0000000008000722        0xc ./Core/Src/system_stm32f1xx.o
                0x0000000008000722                SystemInit
 *fill*         0x000000000800072e        0x2 
 .text.Reset_Handler
                0x0000000008000730       0x48 ./Core/Startup/startup_stm32f103c6ux.o
                0x0000000008000730                Reset_Handler
 .text.Default_Handler
                0x0000000008000778        0x2 ./Core/Startup/startup_stm32f103c6ux.o
                0x0000000008000778                RTC_Alarm_IRQHandler
                0x0000000008000778                EXTI2_IRQHandler
                0x0000000008000778                TIM1_CC_IRQHandler
                0x0000000008000778                PVD_IRQHandler
                0x0000000008000778                EXTI3_IRQHandler
                0x0000000008000778                EXTI0_IRQHandler
                0x0000000008000778                ADC1_2_IRQHandler
                0x0000000008000778                SPI1_IRQHandler
                0x0000000008000778                TAMPER_IRQHandler
                0x0000000008000778                DMA1_Channel4_IRQHandler
                0x0000000008000778                RTC_IRQHandler
                0x0000000008000778                DMA1_Channel7_IRQHandler
                0x0000000008000778                CAN1_RX1_IRQHandler
                0x0000000008000778                I2C1_EV_IRQHandler
                0x0000000008000778                DMA1_Channel6_IRQHandler
                0x0000000008000778                TIM3_IRQHandler
                0x0000000008000778                RCC_IRQHandler
                0x0000000008000778                TIM1_TRG_COM_IRQHandler
                0x0000000008000778                DMA1_Channel1_IRQHandler
                0x0000000008000778                Default_Handler
                0x0000000008000778                EXTI15_10_IRQHandler
                0x0000000008000778                EXTI9_5_IRQHandler
                0x0000000008000778                DMA1_Channel5_IRQHandler
                0x0000000008000778                EXTI4_IRQHandler
                0x0000000008000778                USB_LP_CAN1_RX0_IRQHandler
                0x0000000008000778                USB_HP_CAN1_TX_IRQHandler
                0x0000000008000778                DMA1_Channel3_IRQHandler
                0x0000000008000778                TIM1_UP_IRQHandler
                0x0000000008000778                WWDG_IRQHandler
                0x0000000008000778                TIM2_IRQHandler
                0x0000000008000778                TIM1_BRK_IRQHandler
                0x0000000008000778                EXTI1_IRQHandler
                0x0000000008000778                USART2_IRQHandler
                0x0000000008000778                DMA1_Channel2_IRQHandler
                0x0000000008000778                CAN1_SCE_IRQHandler
                0x0000000008000778                FLASH_IRQHandler
                0x0000000008000778                USART1_IRQHandler
                0x0000000008000778                I2C1_ER_IRQHandler
                0x0000000008000778                USBWakeUp_IRQHandler
 *fill*         0x000000000800077a        0x2 
 .text.HAL_Init
                0x000000000800077c       0x2c ./Drivers/STM32F1xx_HAL_Driver/Src/stm32f1xx_hal.o
                0x000000000800077c                HAL_Init
 .text.HAL_InitTick
                0x00000000080007a8       0x60 ./Drivers/STM32F1xx_HAL_Driver/Src/stm32f1xx_hal.o
                0x00000000080007a8                HAL_InitTick
 .text.HAL_IncTick
                0x0000000008000808       0x24 ./Drivers/STM32F1xx_HAL_Driver/Src/stm32f1xx_hal.o
                0x0000000008000808                HAL_IncTick
 .text.HAL_GetTick
                0x000000000800082c       0x14 ./Drivers/STM32F1xx_HAL_Driver/Src/stm32f1xx_hal.o
                0x000000000800082c                HAL_GetTick
 .text.HAL_Delay
                0x0000000008000840       0x48 ./Drivers/STM32F1xx_HAL_Driver/Src/stm32f1xx_hal.o
                0x0000000008000840                HAL_Delay
 .text.__NVIC_SetPriorityGrouping
                0x0000000008000888       0x48 ./Drivers/STM32F1xx_HAL_Driver/Src/stm32f1xx_hal_cortex.o
 .text.__NVIC_GetPriorityGrouping
                0x00000000080008d0       0x1c ./Drivers/STM32F1xx_HAL_Driver/Src/stm32f1xx_hal_cortex.o
 .text.__NVIC_SetPriority
                0x00000000080008ec       0x54 ./Drivers/STM32F1xx_HAL_Driver/Src/stm32f1xx_hal_cortex.o
 .text.NVIC_EncodePriority
                0x0000000008000940       0x64 ./Drivers/STM32F1xx_HAL_Driver/Src/stm32f1xx_hal_cortex.o
 .text.SysTick_Config
                0x00000000080009a4       0x44 ./Drivers/STM32F1xx_HAL_Driver/Src/stm32f1xx_hal_cortex.o
 .text.HAL_NVIC_SetPriorityGrouping
                0x00000000080009e8       0x16 ./Drivers/STM32F1xx_HAL_Driver/Src/stm32f1xx_hal_cortex.o
                0x00000000080009e8                HAL_NVIC_SetPriorityGrouping
 .text.HAL_NVIC_SetPriority
                0x00000000080009fe       0x38 ./Drivers/STM32F1xx_HAL_Driver/Src/stm32f1xx_hal_cortex.o
                0x00000000080009fe                HAL_NVIC_SetPriority
 .text.HAL_SYSTICK_Config
                0x0000000008000a36       0x18 ./Drivers/STM32F1xx_HAL_Driver/Src/stm32f1xx_hal_cortex.o
                0x0000000008000a36                HAL_SYSTICK_Config
 *fill*         0x0000000008000a4e        0x2 
 .text.HAL_GPIO_Init
                0x0000000008000a50      0x2f4 ./Drivers/STM32F1xx_HAL_Driver/Src/stm32f1xx_hal_gpio.o
                0x0000000008000a50                HAL_GPIO_Init
 .text.HAL_GPIO_WritePin
                0x0000000008000d44       0x30 ./Drivers/STM32F1xx_HAL_Driver/Src/stm32f1xx_hal_gpio.o
                0x0000000008000d44                HAL_GPIO_WritePin
 .text.HAL_RCC_OscConfig
                0x0000000008000d74      0x500 ./Drivers/STM32F1xx_HAL_Driver/Src/stm32f1xx_hal_rcc.o
                0x0000000008000d74                HAL_RCC_OscConfig
 .text.HAL_RCC_ClockConfig
                0x0000000008001274      0x1d4 ./Drivers/STM32F1xx_HAL_Driver/Src/stm32f1xx_hal_rcc.o
                0x0000000008001274                HAL_RCC_ClockConfig
 .text.HAL_RCC_GetSysClockFreq
                0x0000000008001448       0xa8 ./Drivers/STM32F1xx_HAL_Driver/Src/stm32f1xx_hal_rcc.o
                0x0000000008001448                HAL_RCC_GetSysClockFreq
 .text.RCC_Delay
                0x00000000080014f0       0x3c ./Drivers/STM32F1xx_HAL_Driver/Src/stm32f1xx_hal_rcc.o
 .text.__libc_init_array
                0x000000000800152c       0x48 d:/stm32/stm32cubeide_1.7.0/stm32cubeide/plugins/com.st.stm32cube.ide.mcu.externaltools.gnu-tools-for-stm32.9-2020-q2-update.win32_2.0.0.202105311346/tools/bin/../lib/gcc/arm-none-eabi/9.3.1/../../../../arm-none-eabi/lib/thumb/v7-m/nofp\libc_nano.a(lib_a-init.o)
                0x000000000800152c                __libc_init_array
 .text.memset   0x0000000008001574       0x10 d:/stm32/stm32cubeide_1.7.0/stm32cubeide/plugins/com.st.stm32cube.ide.mcu.externaltools.gnu-tools-for-stm32.9-2020-q2-update.win32_2.0.0.202105311346/tools/bin/../lib/gcc/arm-none-eabi/9.3.1/../../../../arm-none-eabi/lib/thumb/v7-m/nofp\libc_nano.a(lib_a-memset.o)
                0x0000000008001574                memset
 *(.glue_7)
 .glue_7        0x0000000008001584        0x0 linker stubs
 *(.glue_7t)
 .glue_7t       0x0000000008001584        0x0 linker stubs
 *(.eh_frame)
 .eh_frame      0x0000000008001584        0x0 d:/stm32/stm32cubeide_1.7.0/stm32cubeide/plugins/com.st.stm32cube.ide.mcu.externaltools.gnu-tools-for-stm32.9-2020-q2-update.win32_2.0.0.202105311346/tools/bin/../lib/gcc/arm-none-eabi/9.3.1/thumb/v7-m/nofp/crtbegin.o
 *(.init)
 .init          0x0000000008001584        0x4 d:/stm32/stm32cubeide_1.7.0/stm32cubeide/plugins/com.st.stm32cube.ide.mcu.externaltools.gnu-tools-for-stm32.9-2020-q2-update.win32_2.0.0.202105311346/tools/bin/../lib/gcc/arm-none-eabi/9.3.1/thumb/v7-m/nofp/crti.o
                0x0000000008001584                _init
 .init          0x0000000008001588        0x8 d:/stm32/stm32cubeide_1.7.0/stm32cubeide/plugins/com.st.stm32cube.ide.mcu.externaltools.gnu-tools-for-stm32.9-2020-q2-update.win32_2.0.0.202105311346/tools/bin/../lib/gcc/arm-none-eabi/9.3.1/thumb/v7-m/nofp/crtn.o
 *(.fini)
 .fini          0x0000000008001590        0x4 d:/stm32/stm32cubeide_1.7.0/stm32cubeide/plugins/com.st.stm32cube.ide.mcu.externaltools.gnu-tools-for-stm32.9-2020-q2-update.win32_2.0.0.202105311346/tools/bin/../lib/gcc/arm-none-eabi/9.3.1/thumb/v7-m/nofp/crti.o
                0x0000000008001590                _fini
 .fini          0x0000000008001594        0x8 d:/stm32/stm32cubeide_1.7.0/stm32cubeide/plugins/com.st.stm32cube.ide.mcu.externaltools.gnu-tools-for-stm32.9-2020-q2-update.win32_2.0.0.202105311346/tools/bin/../lib/gcc/arm-none-eabi/9.3.1/thumb/v7-m/nofp/crtn.o
                0x000000000800159c                . = ALIGN (0x4)
                0x000000000800159c                _etext = .

.vfp11_veneer   0x000000000800159c        0x0
 .vfp11_veneer  0x000000000800159c        0x0 linker stubs

.v4_bx          0x000000000800159c        0x0
 .v4_bx         0x000000000800159c        0x0 linker stubs

.iplt           0x000000000800159c        0x0
 .iplt          0x000000000800159c        0x0 d:/stm32/stm32cubeide_1.7.0/stm32cubeide/plugins/com.st.stm32cube.ide.mcu.externaltools.gnu-tools-for-stm32.9-2020-q2-update.win32_2.0.0.202105311346/tools/bin/../lib/gcc/arm-none-eabi/9.3.1/thumb/v7-m/nofp/crtbegin.o

.rodata         0x000000000800159c       0x24
                0x000000000800159c                . = ALIGN (0x4)
 *(.rodata)
 *(.rodata*)
 .rodata.AHBPrescTable
                0x000000000800159c       0x10 ./Core/Src/system_stm32f1xx.o
                0x000000000800159c                AHBPrescTable
 .rodata.aPLLMULFactorTable.5504
                0x00000000080015ac       0x10 ./Drivers/STM32F1xx_HAL_Driver/Src/stm32f1xx_hal_rcc.o
 .rodata.aPredivFactorTable.5505
                0x00000000080015bc        0x2 ./Drivers/STM32F1xx_HAL_Driver/Src/stm32f1xx_hal_rcc.o
                0x00000000080015c0                . = ALIGN (0x4)
 *fill*         0x00000000080015be        0x2 

.rel.dyn        0x00000000080015c0        0x0
 .rel.iplt      0x00000000080015c0        0x0 d:/stm32/stm32cubeide_1.7.0/stm32cubeide/plugins/com.st.stm32cube.ide.mcu.externaltools.gnu-tools-for-stm32.9-2020-q2-update.win32_2.0.0.202105311346/tools/bin/../lib/gcc/arm-none-eabi/9.3.1/thumb/v7-m/nofp/crtbegin.o

.ARM.extab      0x00000000080015c0        0x0
                0x00000000080015c0                . = ALIGN (0x4)
 *(.ARM.extab* .gnu.linkonce.armextab.*)
                0x00000000080015c0                . = ALIGN (0x4)

.ARM            0x00000000080015c0        0x0
                0x00000000080015c0                . = ALIGN (0x4)
                0x00000000080015c0                __exidx_start = .
 *(.ARM.exidx*)
                0x00000000080015c0                __exidx_end = .
                0x00000000080015c0                . = ALIGN (0x4)

.preinit_array  0x00000000080015c0        0x0
                0x00000000080015c0                . = ALIGN (0x4)
                0x00000000080015c0                PROVIDE (__preinit_array_start = .)
 *(.preinit_array*)
                0x00000000080015c0                PROVIDE (__preinit_array_end = .)
                0x00000000080015c0                . = ALIGN (0x4)

.init_array     0x00000000080015c0        0x4
                0x00000000080015c0                . = ALIGN (0x4)
                0x00000000080015c0                PROVIDE (__init_array_start = .)
 *(SORT_BY_NAME(.init_array.*))
 *(.init_array*)
 .init_array    0x00000000080015c0        0x4 d:/stm32/stm32cubeide_1.7.0/stm32cubeide/plugins/com.st.stm32cube.ide.mcu.externaltools.gnu-tools-for-stm32.9-2020-q2-update.win32_2.0.0.202105311346/tools/bin/../lib/gcc/arm-none-eabi/9.3.1/thumb/v7-m/nofp/crtbegin.o
                0x00000000080015c4                PROVIDE (__init_array_end = .)
                0x00000000080015c4                . = ALIGN (0x4)

.fini_array     0x00000000080015c4        0x4
                0x00000000080015c4                . = ALIGN (0x4)
                [!provide]                        PROVIDE (__fini_array_start = .)
 *(SORT_BY_NAME(.fini_array.*))
 *(.fini_array*)
 .fini_array    0x00000000080015c4        0x4 d:/stm32/stm32cubeide_1.7.0/stm32cubeide/plugins/com.st.stm32cube.ide.mcu.externaltools.gnu-tools-for-stm32.9-2020-q2-update.win32_2.0.0.202105311346/tools/bin/../lib/gcc/arm-none-eabi/9.3.1/thumb/v7-m/nofp/crtbegin.o
                [!provide]                        PROVIDE (__fini_array_end = .)
                0x00000000080015c8                . = ALIGN (0x4)
                0x00000000080015c8                _sidata = LOADADDR (.data)

.data           0x0000000020000000        0xc load address 0x00000000080015c8
                0x0000000020000000                . = ALIGN (0x4)
                0x0000000020000000                _sdata = .
 *(.data)
 *(.data*)
 .data.SystemCoreClock
                0x0000000020000000        0x4 ./Core/Src/system_stm32f1xx.o
                0x0000000020000000                SystemCoreClock
 .data.uwTickPrio
                0x0000000020000004        0x4 ./Drivers/STM32F1xx_HAL_Driver/Src/stm32f1xx_hal.o
                0x0000000020000004                uwTickPrio
 .data.uwTickFreq
                0x0000000020000008        0x1 ./Drivers/STM32F1xx_HAL_Driver/Src/stm32f1xx_hal.o
                0x0000000020000008                uwTickFreq
 *(.RamFunc)
 *(.RamFunc*)
                0x000000002000000c                . = ALIGN (0x4)
 *fill*         0x0000000020000009        0x3 
                0x000000002000000c                _edata = .

.igot.plt       0x000000002000000c        0x0 load address 0x00000000080015d4
 .igot.plt      0x000000002000000c        0x0 d:/stm32/stm32cubeide_1.7.0/stm32cubeide/plugins/com.st.stm32cube.ide.mcu.externaltools.gnu-tools-for-stm32.9-2020-q2-update.win32_2.0.0.202105311346/tools/bin/../lib/gcc/arm-none-eabi/9.3.1/thumb/v7-m/nofp/crtbegin.o
                0x000000002000000c                . = ALIGN (0x4)

.bss            0x000000002000000c       0x20 load address 0x00000000080015d4
                0x000000002000000c                _sbss = .
                0x000000002000000c                __bss_start__ = _sbss
 *(.bss)
 .bss           0x000000002000000c       0x1c d:/stm32/stm32cubeide_1.7.0/stm32cubeide/plugins/com.st.stm32cube.ide.mcu.externaltools.gnu-tools-for-stm32.9-2020-q2-update.win32_2.0.0.202105311346/tools/bin/../lib/gcc/arm-none-eabi/9.3.1/thumb/v7-m/nofp/crtbegin.o
 *(.bss*)
 *(COMMON)
 COMMON         0x0000000020000028        0x4 ./Drivers/STM32F1xx_HAL_Driver/Src/stm32f1xx_hal.o
                0x0000000020000028                uwTick
                0x000000002000002c                . = ALIGN (0x4)
                0x000000002000002c                _ebss = .
                0x000000002000002c                __bss_end__ = _ebss

._user_heap_stack
                0x000000002000002c      0x604 load address 0x00000000080015d4
                0x0000000020000030                . = ALIGN (0x8)
 *fill*         0x000000002000002c        0x4 
                [!provide]                        PROVIDE (end = .)
                0x0000000020000030                PROVIDE (_end = .)
                0x0000000020000230                . = (. + _Min_Heap_Size)
 *fill*         0x0000000020000030      0x200 
                0x0000000020000630                . = (. + _Min_Stack_Size)
 *fill*         0x0000000020000230      0x400 
                0x0000000020000630                . = ALIGN (0x8)

/DISCARD/
 libc.a(*)
 libm.a(*)
 libgcc.a(*)

.ARM.attributes
                0x0000000000000000       0x29
 *(.ARM.attributes)
 .ARM.attributes
                0x0000000000000000       0x1d d:/stm32/stm32cubeide_1.7.0/stm32cubeide/plugins/com.st.stm32cube.ide.mcu.externaltools.gnu-tools-for-stm32.9-2020-q2-update.win32_2.0.0.202105311346/tools/bin/../lib/gcc/arm-none-eabi/9.3.1/thumb/v7-m/nofp/crti.o
 .ARM.attributes
                0x000000000000001d       0x2d d:/stm32/stm32cubeide_1.7.0/stm32cubeide/plugins/com.st.stm32cube.ide.mcu.externaltools.gnu-tools-for-stm32.9-2020-q2-update.win32_2.0.0.202105311346/tools/bin/../lib/gcc/arm-none-eabi/9.3.1/thumb/v7-m/nofp/crtbegin.o
 .ARM.attributes
                0x000000000000004a       0x2d ./Core/Src/exercise8.o
 .ARM.attributes
                0x0000000000000077       0x2d ./Core/Src/exercise9.o
 .ARM.attributes
                0x00000000000000a4       0x2d ./Core/Src/main.o
 .ARM.attributes
                0x00000000000000d1       0x2d ./Core/Src/stm32f1xx_hal_msp.o
 .ARM.attributes
                0x00000000000000fe       0x2d ./Core/Src/stm32f1xx_it.o
 .ARM.attributes
                0x000000000000012b       0x2d ./Core/Src/system_stm32f1xx.o
 .ARM.attributes
                0x0000000000000158       0x21 ./Core/Startup/startup_stm32f103c6ux.o
 .ARM.attributes
                0x0000000000000179       0x2d ./Drivers/STM32F1xx_HAL_Driver/Src/stm32f1xx_hal.o
 .ARM.attributes
                0x00000000000001a6       0x2d ./Drivers/STM32F1xx_HAL_Driver/Src/stm32f1xx_hal_cortex.o
 .ARM.attributes
                0x00000000000001d3       0x2d ./Drivers/STM32F1xx_HAL_Driver/Src/stm32f1xx_hal_gpio.o
 .ARM.attributes
                0x0000000000000200       0x2d ./Drivers/STM32F1xx_HAL_Driver/Src/stm32f1xx_hal_rcc.o
 .ARM.attributes
                0x000000000000022d       0x2d d:/stm32/stm32cubeide_1.7.0/stm32cubeide/plugins/com.st.stm32cube.ide.mcu.externaltools.gnu-tools-for-stm32.9-2020-q2-update.win32_2.0.0.202105311346/tools/bin/../lib/gcc/arm-none-eabi/9.3.1/../../../../arm-none-eabi/lib/thumb/v7-m/nofp\libc_nano.a(lib_a-init.o)
 .ARM.attributes
                0x000000000000025a       0x2d d:/stm32/stm32cubeide_1.7.0/stm32cubeide/plugins/com.st.stm32cube.ide.mcu.externaltools.gnu-tools-for-stm32.9-2020-q2-update.win32_2.0.0.202105311346/tools/bin/../lib/gcc/arm-none-eabi/9.3.1/../../../../arm-none-eabi/lib/thumb/v7-m/nofp\libc_nano.a(lib_a-memset.o)
 .ARM.attributes
                0x0000000000000287       0x1d d:/stm32/stm32cubeide_1.7.0/stm32cubeide/plugins/com.st.stm32cube.ide.mcu.externaltools.gnu-tools-for-stm32.9-2020-q2-update.win32_2.0.0.202105311346/tools/bin/../lib/gcc/arm-none-eabi/9.3.1/thumb/v7-m/nofp/crtn.o
OUTPUT(Lab1.elf elf32-littlearm)
LOAD linker stubs
LOAD d:/stm32/stm32cubeide_1.7.0/stm32cubeide/plugins/com.st.stm32cube.ide.mcu.externaltools.gnu-tools-for-stm32.9-2020-q2-update.win32_2.0.0.202105311346/tools/bin/../lib/gcc/arm-none-eabi/9.3.1/../../../../arm-none-eabi/lib/thumb/v7-m/nofp\libc.a
LOAD d:/stm32/stm32cubeide_1.7.0/stm32cubeide/plugins/com.st.stm32cube.ide.mcu.externaltools.gnu-tools-for-stm32.9-2020-q2-update.win32_2.0.0.202105311346/tools/bin/../lib/gcc/arm-none-eabi/9.3.1/../../../../arm-none-eabi/lib/thumb/v7-m/nofp\libm.a
LOAD d:/stm32/stm32cubeide_1.7.0/stm32cubeide/plugins/com.st.stm32cube.ide.mcu.externaltools.gnu-tools-for-stm32.9-2020-q2-update.win32_2.0.0.202105311346/tools/bin/../lib/gcc/arm-none-eabi/9.3.1/thumb/v7-m/nofp\libgcc.a

.debug_info     0x0000000000000000     0x349a
 .debug_info    0x0000000000000000      0x24f ./Core/Src/exercise8.o
 .debug_info    0x000000000000024f      0x24f ./Core/Src/exercise9.o
 .debug_info    0x000000000000049e      0x560 ./Core/Src/main.o
 .debug_info    0x00000000000009fe      0x2fc ./Core/Src/stm32f1xx_hal_msp.o
 .debug_info    0x0000000000000cfa      0x222 ./Core/Src/stm32f1xx_it.o
 .debug_info    0x0000000000000f1c      0x2be ./Core/Src/system_stm32f1xx.o
 .debug_info    0x00000000000011da       0x22 ./Core/Startup/startup_stm32f103c6ux.o
 .debug_info    0x00000000000011fc      0x74c ./Drivers/STM32F1xx_HAL_Driver/Src/stm32f1xx_hal.o
 .debug_info    0x0000000000001948      0xbbe ./Drivers/STM32F1xx_HAL_Driver/Src/stm32f1xx_hal_cortex.o
 .debug_info    0x0000000000002506      0x701 ./Drivers/STM32F1xx_HAL_Driver/Src/stm32f1xx_hal_gpio.o
 .debug_info    0x0000000000002c07      0x893 ./Drivers/STM32F1xx_HAL_Driver/Src/stm32f1xx_hal_rcc.o

.debug_abbrev   0x0000000000000000     0x1082
 .debug_abbrev  0x0000000000000000      0x109 ./Core/Src/exercise8.o
 .debug_abbrev  0x0000000000000109      0x109 ./Core/Src/exercise9.o
 .debug_abbrev  0x0000000000000212      0x1c6 ./Core/Src/main.o
 .debug_abbrev  0x00000000000003d8      0x11d ./Core/Src/stm32f1xx_hal_msp.o
 .debug_abbrev  0x00000000000004f5       0xd2 ./Core/Src/stm32f1xx_it.o
 .debug_abbrev  0x00000000000005c7      0x14e ./Core/Src/system_stm32f1xx.o
 .debug_abbrev  0x0000000000000715       0x12 ./Core/Startup/startup_stm32f103c6ux.o
 .debug_abbrev  0x0000000000000727      0x1ed ./Drivers/STM32F1xx_HAL_Driver/Src/stm32f1xx_hal.o
 .debug_abbrev  0x0000000000000914      0x313 ./Drivers/STM32F1xx_HAL_Driver/Src/stm32f1xx_hal_cortex.o
 .debug_abbrev  0x0000000000000c27      0x1e8 ./Drivers/STM32F1xx_HAL_Driver/Src/stm32f1xx_hal_gpio.o
 .debug_abbrev  0x0000000000000e0f      0x273 ./Drivers/STM32F1xx_HAL_Driver/Src/stm32f1xx_hal_rcc.o

.debug_aranges  0x0000000000000000      0x410
 .debug_aranges
                0x0000000000000000       0x20 ./Core/Src/exercise8.o
 .debug_aranges
                0x0000000000000020       0x20 ./Core/Src/exercise9.o
 .debug_aranges
                0x0000000000000040       0x38 ./Core/Src/main.o
 .debug_aranges
                0x0000000000000078       0x20 ./Core/Src/stm32f1xx_hal_msp.o
 .debug_aranges
                0x0000000000000098       0x60 ./Core/Src/stm32f1xx_it.o
 .debug_aranges
                0x00000000000000f8       0x28 ./Core/Src/system_stm32f1xx.o
 .debug_aranges
                0x0000000000000120       0x28 ./Core/Startup/startup_stm32f103c6ux.o
 .debug_aranges
                0x0000000000000148       0xe0 ./Drivers/STM32F1xx_HAL_Driver/Src/stm32f1xx_hal.o
 .debug_aranges
                0x0000000000000228      0x100 ./Drivers/STM32F1xx_HAL_Driver/Src/stm32f1xx_hal_cortex.o
 .debug_aranges
                0x0000000000000328       0x58 ./Drivers/STM32F1xx_HAL_Driver/Src/stm32f1xx_hal_gpio.o
 .debug_aranges
                0x0000000000000380       0x90 ./Drivers/STM32F1xx_HAL_Driver/Src/stm32f1xx_hal_rcc.o

.debug_ranges   0x0000000000000000      0x368
 .debug_ranges  0x0000000000000000       0x10 ./Core/Src/exercise8.o
 .debug_ranges  0x0000000000000010       0x10 ./Core/Src/exercise9.o
 .debug_ranges  0x0000000000000020       0x28 ./Core/Src/main.o
 .debug_ranges  0x0000000000000048       0x10 ./Core/Src/stm32f1xx_hal_msp.o
 .debug_ranges  0x0000000000000058       0x50 ./Core/Src/stm32f1xx_it.o
 .debug_ranges  0x00000000000000a8       0x18 ./Core/Src/system_stm32f1xx.o
 .debug_ranges  0x00000000000000c0       0x20 ./Core/Startup/startup_stm32f103c6ux.o
 .debug_ranges  0x00000000000000e0       0xd0 ./Drivers/STM32F1xx_HAL_Driver/Src/stm32f1xx_hal.o
 .debug_ranges  0x00000000000001b0       0xf0 ./Drivers/STM32F1xx_HAL_Driver/Src/stm32f1xx_hal_cortex.o
 .debug_ranges  0x00000000000002a0       0x48 ./Drivers/STM32F1xx_HAL_Driver/Src/stm32f1xx_hal_gpio.o
 .debug_ranges  0x00000000000002e8       0x80 ./Drivers/STM32F1xx_HAL_Driver/Src/stm32f1xx_hal_rcc.o

.debug_macro    0x0000000000000000     0x1049
 .debug_macro   0x0000000000000000      0x195 ./Core/Src/exercise8.o
 .debug_macro   0x0000000000000195      0x195 ./Core/Src/exercise9.o
 .debug_macro   0x000000000000032a      0x1c8 ./Core/Src/main.o
 .debug_macro   0x00000000000004f2      0x191 ./Core/Src/stm32f1xx_hal_msp.o
 .debug_macro   0x0000000000000683      0x19b ./Core/Src/stm32f1xx_it.o
 .debug_macro   0x000000000000081e      0x182 ./Core/Src/system_stm32f1xx.o
 .debug_macro   0x00000000000009a0      0x1a6 ./Drivers/STM32F1xx_HAL_Driver/Src/stm32f1xx_hal.o
 .debug_macro   0x0000000000000b46      0x182 ./Drivers/STM32F1xx_HAL_Driver/Src/stm32f1xx_hal_cortex.o
 .debug_macro   0x0000000000000cc8      0x1ed ./Drivers/STM32F1xx_HAL_Driver/Src/stm32f1xx_hal_gpio.o
 .debug_macro   0x0000000000000eb5      0x194 ./Drivers/STM32F1xx_HAL_Driver/Src/stm32f1xx_hal_rcc.o

.debug_line     0x0000000000000000     0x5488
 .debug_line    0x0000000000000000      0x6b8 ./Core/Src/exercise8.o
 .debug_line    0x00000000000006b8      0x6b8 ./Core/Src/exercise9.o
 .debug_line    0x0000000000000d70      0x86e ./Core/Src/main.o
 .debug_line    0x00000000000015de      0x641 ./Core/Src/stm32f1xx_hal_msp.o
 .debug_line    0x0000000000001c1f      0x702 ./Core/Src/stm32f1xx_it.o
 .debug_line    0x0000000000002321      0x6be ./Core/Src/system_stm32f1xx.o
 .debug_line    0x00000000000029df       0x86 ./Core/Startup/startup_stm32f103c6ux.o
 .debug_line    0x0000000000002a65      0x8eb ./Drivers/STM32F1xx_HAL_Driver/Src/stm32f1xx_hal.o
 .debug_line    0x0000000000003350      0xad3 ./Drivers/STM32F1xx_HAL_Driver/Src/stm32f1xx_hal_cortex.o
 .debug_line    0x0000000000003e23      0x96e ./Drivers/STM32F1xx_HAL_Driver/Src/stm32f1xx_hal_gpio.o
 .debug_line    0x0000000000004791      0xcf7 ./Drivers/STM32F1xx_HAL_Driver/Src/stm32f1xx_hal_rcc.o

.debug_str      0x0000000000000000    0x79d18
 .debug_str     0x0000000000000000    0x78b6b ./Core/Src/exercise8.o
                                      0x78ea2 (size before relaxing)
 .debug_str     0x0000000000078b6b       0x2b ./Core/Src/exercise9.o
                                      0x78ea4 (size before relaxing)
 .debug_str     0x0000000000078b96      0x242 ./Core/Src/main.o
                                      0x790c0 (size before relaxing)
 .debug_str     0x0000000000078dd8       0x5a ./Core/Src/stm32f1xx_hal_msp.o
                                      0x78ed2 (size before relaxing)
 .debug_str     0x0000000000078e32       0xbd ./Core/Src/stm32f1xx_it.o
                                      0x78eef (size before relaxing)
 .debug_str     0x0000000000078eef       0x52 ./Core/Src/system_stm32f1xx.o
                                      0x78a0d (size before relaxing)
 .debug_str     0x0000000000078f41       0x36 ./Core/Startup/startup_stm32f103c6ux.o
                                         0x4a (size before relaxing)
 .debug_str     0x0000000000078f77      0x52e ./Drivers/STM32F1xx_HAL_Driver/Src/stm32f1xx_hal.o
                                      0x79064 (size before relaxing)
 .debug_str     0x00000000000794a5      0x300 ./Drivers/STM32F1xx_HAL_Driver/Src/stm32f1xx_hal_cortex.o
                                      0x7906c (size before relaxing)
 .debug_str     0x00000000000797a5      0x324 ./Drivers/STM32F1xx_HAL_Driver/Src/stm32f1xx_hal_gpio.o
                                      0x78dd1 (size before relaxing)
 .debug_str     0x0000000000079ac9      0x24f ./Drivers/STM32F1xx_HAL_Driver/Src/stm32f1xx_hal_rcc.o
                                      0x78e0a (size before relaxing)

.comment        0x0000000000000000       0x53
 .comment       0x0000000000000000       0x53 ./Core/Src/exercise8.o
                                         0x54 (size before relaxing)
 .comment       0x0000000000000053       0x54 ./Core/Src/exercise9.o
 .comment       0x0000000000000053       0x54 ./Core/Src/main.o
 .comment       0x0000000000000053       0x54 ./Core/Src/stm32f1xx_hal_msp.o
 .comment       0x0000000000000053       0x54 ./Core/Src/stm32f1xx_it.o
 .comment       0x0000000000000053       0x54 ./Core/Src/system_stm32f1xx.o
 .comment       0x0000000000000053       0x54 ./Drivers/STM32F1xx_HAL_Driver/Src/stm32f1xx_hal.o
 .comment       0x0000000000000053       0x54 ./Drivers/STM32F1xx_HAL_Driver/Src/stm32f1xx_hal_cortex.o
 .comment       0x0000000000000053       0x54 ./Drivers/STM32F1xx_HAL_Driver/Src/stm32f1xx_hal_gpio.o
 .comment       0x0000000000000053       0x54 ./Drivers/STM32F1xx_HAL_Driver/Src/stm32f1xx_hal_rcc.o

.debug_frame    0x0000000000000000      0xd98
 .debug_frame   0x0000000000000000       0x34 ./Core/Src/exercise8.o
 .debug_frame   0x0000000000000034       0x34 ./Core/Src/exercise9.o
 .debug_frame   0x0000000000000068       0x90 ./Core/Src/main.o
 .debug_frame   0x00000000000000f8       0x38 ./Core/Src/stm32f1xx_hal_msp.o
 .debug_frame   0x0000000000000130      0x104 ./Core/Src/stm32f1xx_it.o
 .debug_frame   0x0000000000000234       0x58 ./Core/Src/system_stm32f1xx.o
 .debug_frame   0x000000000000028c      0x334 ./Drivers/STM32F1xx_HAL_Driver/Src/stm32f1xx_hal.o
 .debug_frame   0x00000000000005c0      0x428 ./Drivers/STM32F1xx_HAL_Driver/Src/stm32f1xx_hal_cortex.o
 .debug_frame   0x00000000000009e8      0x14c ./Drivers/STM32F1xx_HAL_Driver/Src/stm32f1xx_hal_gpio.o
 .debug_frame   0x0000000000000b34      0x218 ./Drivers/STM32F1xx_HAL_Driver/Src/stm32f1xx_hal_rcc.o
 .debug_frame   0x0000000000000d4c       0x2c d:/stm32/stm32cubeide_1.7.0/stm32cubeide/plugins/com.st.stm32cube.ide.mcu.externaltools.gnu-tools-for-stm32.9-2020-q2-update.win32_2.0.0.202105311346/tools/bin/../lib/gcc/arm-none-eabi/9.3.1/../../../../arm-none-eabi/lib/thumb/v7-m/nofp\libc_nano.a(lib_a-init.o)
 .debug_frame   0x0000000000000d78       0x20 d:/stm32/stm32cubeide_1.7.0/stm32cubeide/plugins/com.st.stm32cube.ide.mcu.externaltools.gnu-tools-for-stm32.9-2020-q2-update.win32_2.0.0.202105311346/tools/bin/../lib/gcc/arm-none-eabi/9.3.1/../../../../arm-none-eabi/lib/thumb/v7-m/nofp\libc_nano.a(lib_a-memset.o)
